------------------------------------------------------------
Timing Analyzer Summary
------------------------------------------------------------

Type  : Slow 1100mV 85C Model Setup 'clk'
Slack : -2.083
TNS   : -52.760

Type  : Slow 1100mV 85C Model Hold 'clk'
Slack : 0.296
TNS   : 0.000

Type  : Slow 1100mV 85C Model Minimum Pulse Width 'clk'
Slack : -0.394
TNS   : -18.978

Type  : Slow 1100mV 0C Model Setup 'clk'
Slack : -1.985
TNS   : -49.124

Type  : Slow 1100mV 0C Model Hold 'clk'
Slack : 0.284
TNS   : 0.000

Type  : Slow 1100mV 0C Model Minimum Pulse Width 'clk'
Slack : -0.394
TNS   : -20.101

Type  : Fast 1100mV 85C Model Setup 'clk'
Slack : -0.756
TNS   : -15.658

Type  : Fast 1100mV 85C Model Hold 'clk'
Slack : 0.171
TNS   : 0.000

Type  : Fast 1100mV 85C Model Minimum Pulse Width 'clk'
Slack : -0.092
TNS   : -3.224

Type  : Fast 1100mV 0C Model Setup 'clk'
Slack : -0.614
TNS   : -11.979

Type  : Fast 1100mV 0C Model Hold 'clk'
Slack : 0.157
TNS   : 0.000

Type  : Fast 1100mV 0C Model Minimum Pulse Width 'clk'
Slack : -0.088
TNS   : -3.112

------------------------------------------------------------
