------------------------------------------------------------
Timing Analyzer Summary
------------------------------------------------------------

Type  : Slow 1100mV 85C Model Setup 'clk'
Slack : -1.191
TNS   : -11.883

Type  : Slow 1100mV 85C Model Hold 'clk'
Slack : 0.678
TNS   : 0.000

Type  : Slow 1100mV 85C Model Minimum Pulse Width 'clk'
Slack : -0.394
TNS   : -5.198

Type  : Slow 1100mV 0C Model Setup 'clk'
Slack : -1.152
TNS   : -11.490

Type  : Slow 1100mV 0C Model Hold 'clk'
Slack : 0.718
TNS   : 0.000

Type  : Slow 1100mV 0C Model Minimum Pulse Width 'clk'
Slack : -0.394
TNS   : -5.607

Type  : Fast 1100mV 85C Model Setup 'clk'
Slack : -0.248
TNS   : -2.472

Type  : Fast 1100mV 85C Model Hold 'clk'
Slack : 0.302
TNS   : 0.000

Type  : Fast 1100mV 85C Model Minimum Pulse Width 'clk'
Slack : -0.088
TNS   : -0.864

Type  : Fast 1100mV 0C Model Setup 'clk'
Slack : -0.159
TNS   : -1.578

Type  : Fast 1100mV 0C Model Hold 'clk'
Slack : 0.295
TNS   : 0.000

Type  : Fast 1100mV 0C Model Minimum Pulse Width 'clk'
Slack : -0.086
TNS   : -0.850

------------------------------------------------------------
